
> cv-maker@0.0.0 build
> tsc -b && vite build

src/data/constants.ts(1,1): error TS6133: 'React' is declared but its value is never read.
src/data/constants.ts(2,15): error TS6196: 'TemplateType' is declared but never used.
src/data/templates.tsx(3,35): error TS2307: Cannot find module './cv.types' or its corresponding type declarations.
src/forms/useCertificationsLogic.ts(2,30): error TS2307: Cannot find module '../utils/useListLogic' or its corresponding type declarations.
src/forms/useCertificationsLogic.ts(3,36): error TS2307: Cannot find module '../data/cv.types' or its corresponding type declarations.
src/forms/useListLogic.ts(2,28): error TS2307: Cannot find module './idGenerator' or its corresponding type declarations.
src/preview/cvDataMapper.ts(1,29): error TS2307: Cannot find module '../data/cv.types' or its corresponding type declarations.
src/preview/cvDataMapper.ts(2,45): error TS2307: Cannot find module './dateFormatter' or its corresponding type declarations.
src/preview/cvDataMapper.ts(35,21): error TS7006: Parameter 'cert' implicitly has an 'any' type.
src/preview/cvDataMapper.ts(36,18): error TS7006: Parameter 'cert' implicitly has an 'any' type.
src/preview/filenameUtils.ts(1,35): error TS2307: Cannot find module '../data/cv.types' or its corresponding type declarations.
src/preview/placeholderUtils.ts(1,64): error TS2307: Cannot find module '../data/cv.types' or its corresponding type declarations.
src/preview/selectors.ts(1,77): error TS2307: Cannot find module '../data/cv.types' or its corresponding type declarations.
src/preview/selectors.ts(33,94): error TS7006: Parameter 's' implicitly has an 'any' type.
src/preview/TemplateSelector.tsx(2,1): error TS6133: 'useCvUi' is declared but its value is never read.
src/preview/TemplateSelector.tsx(3,1): error TS6133: 'CV_TEMPLATES' is declared but its value is never read.
src/ui/FormStepper.tsx(3,28): error TS2307: Cannot find module '../data/website.json' or its corresponding type declarations.
